Archive member included because of file (symbol)

libs/gcc/app_start.lib(fileSys.o)
                              build\gcc\obj/example/example_Deep_Sea_4522_V07.o (Ql_FS_Open)
libs/gcc/app_start.lib(fota.o)
                              build\gcc\obj/custom/fota/src/fota_main.o (Ql_FOTA_Init)
libs/gcc/app_start.lib(gprs.o)
                              build\gcc\obj/example/example_Deep_Sea_4522_V07.o (Ql_GPRS_GetPDPContextId)
libs/gcc/app_start.lib(lib_ril_sms.o)
                              build\gcc\obj/ril/src/ril_sms.o (LIB_SMS_IsValidHexStr)
libs/gcc/app_start.lib(memory.o)
                              build\gcc\obj/ril/src/ril_bluetooth.o (Ql_MEM_Alloc)
libs/gcc/app_start.lib(ql_func.o)
                              libs/gcc/app_start.lib(memory.o) (api_notsup)
libs/gcc/app_start.lib(ql_main.o)
                              build\gcc\obj/ril/src/ril_bluetooth.o (Ql_Debug_Trace)
libs/gcc/app_start.lib(ril_aux.o)
                              build\gcc\obj/custom/config/sys_config.o (proc_reserved2)
libs/gcc/app_start.lib(ril_main.o)
                              build\gcc\obj/custom/config/sys_config.o (proc_reserved1)
libs/gcc/app_start.lib(socket.o)
                              build\gcc\obj/example/example_Deep_Sea_4522_V07.o (Ql_SOC_Register)
libs/gcc/app_start.lib(stdlib_func.o)
                              build\gcc\obj/ril/src/ril_dtmf.o (Ql_atof)
libs/gcc/app_start.lib(system.o)
                              build\gcc\obj/ril/src/ril_ftp.o (Ql_Sleep)
libs/gcc/app_start.lib(taskMngt.o)
                              build\gcc\obj/example/example_Deep_Sea_4522_V07.o (Ql_OS_GetMessage)
libs/gcc/app_start.lib(timer.o)
                              build\gcc\obj/example/example_Deep_Sea_4522_V07.o (Ql_Timer_Register)
libs/gcc/app_start.lib(uart.o)
                              build\gcc\obj/example/example_Deep_Sea_4522_V07.o (Ql_UART_Register)
libs/gcc/app_start.lib(watchdog.o)
                              build\gcc\obj/example/example_Deep_Sea_4522_V07.o (Ql_WTD_Init)
libs/gcc/app_start.lib(gpio.o)
                              libs/gcc/app_start.lib(watchdog.o) (Ql_GPIO_Init)
libs/gcc/app_start.lib(ocpu_init.o)
                              libs/gcc/app_start.lib(ql_main.o) (_OCPU_InitUserMem)
C:\Program Files (x86)\CodeSourcery\Sourcery_CodeBench_Lite_for_ARM_EABI/arm-none-eabi/lib/thumb/libc.a(lib_a-memcpy.o)
                              build\gcc\obj/ril/src/ril_alarm.o (memcpy)
C:\Program Files (x86)\CodeSourcery\Sourcery_CodeBench_Lite_for_ARM_EABI/arm-none-eabi/lib/thumb/libc.a(lib_a-memset.o)
                              build\gcc\obj/ril/src/ril_alarm.o (memset)
C:\Program Files (x86)\CodeSourcery\Sourcery_CodeBench_Lite_for_ARM_EABI/lib/gcc/arm-none-eabi/4.7.2/thumb/libgcc.a(_udivsi3.o)
                              build\gcc\obj/custom/fota/src/fota_http.o (__aeabi_uidiv)
C:\Program Files (x86)\CodeSourcery\Sourcery_CodeBench_Lite_for_ARM_EABI/lib/gcc/arm-none-eabi/4.7.2/thumb/libgcc.a(_divsi3.o)
                              libs/gcc/app_start.lib(lib_ril_sms.o) (__aeabi_idiv)
C:\Program Files (x86)\CodeSourcery\Sourcery_CodeBench_Lite_for_ARM_EABI/lib/gcc/arm-none-eabi/4.7.2/thumb/libgcc.a(_dvmd_tls.o)
                              C:\Program Files (x86)\CodeSourcery\Sourcery_CodeBench_Lite_for_ARM_EABI/lib/gcc/arm-none-eabi/4.7.2/thumb/libgcc.a(_udivsi3.o) (__aeabi_idiv0)
C:\Program Files (x86)\CodeSourcery\Sourcery_CodeBench_Lite_for_ARM_EABI/lib/gcc/arm-none-eabi/4.7.2/thumb/libgcc.a(_arm_addsubdf3.o)
                              build\gcc\obj/example/example_Deep_Sea_4522_V07.o (__aeabi_f2d)
C:\Program Files (x86)\CodeSourcery\Sourcery_CodeBench_Lite_for_ARM_EABI/lib/gcc/arm-none-eabi/4.7.2/thumb/libgcc.a(_arm_fixdfsi.o)
                              build\gcc\obj/ril/src/ril_dtmf.o (__aeabi_d2iz)
C:\Program Files (x86)\CodeSourcery\Sourcery_CodeBench_Lite_for_ARM_EABI/lib/gcc/arm-none-eabi/4.7.2/thumb/libgcc.a(_arm_truncdfsf2.o)
                              build\gcc\obj/ril/src/ril_location.o (__aeabi_d2f)
C:\Program Files (x86)\CodeSourcery\Sourcery_CodeBench_Lite_for_ARM_EABI/lib/gcc/arm-none-eabi/4.7.2/thumb/libgcc.a(_arm_muldivsf3.o)
                              build\gcc\obj/example/example_Deep_Sea_4522_V07.o (__aeabi_fmul)
C:\Program Files (x86)\CodeSourcery\Sourcery_CodeBench_Lite_for_ARM_EABI/lib/gcc/arm-none-eabi/4.7.2/thumb/libgcc.a(_arm_fixsfsi.o)
                              build\gcc\obj/example/example_Deep_Sea_4522_V07.o (__aeabi_f2iz)

Allocating common symbols
Common symbol       size              file

Ql_snprintf         0x4               libs/gcc/app_start.lib(ql_main.o)
Ql_sprintf          0x4               libs/gcc/app_start.lib(ql_main.o)
Ql_Debug_Trace      0x4               libs/gcc/app_start.lib(ql_main.o)
Ql_sscanf           0x4               libs/gcc/app_start.lib(ql_main.o)
g_comingCall        0x124             build\gcc\obj/ril/src/ril_telephony.o
wtdid1              0x4               build\gcc\obj/example/example_Deep_Sea_4522_V07.o
[...]
Memory Configuration

Name             Origin             Length             Attributes
ROM              0x102c7040         0x0005a000         xr
RAM              0xf03d2000         0x00019000         xrw
*default*        0x00000000         0xffffffff

Linker script and memory map

                0x102c7040                . = 0x102c7040

.initdata       0x102c7040       0x2c
 *(.initdata)
 .initdata      0x102c7040       0x2c libs/gcc/app_start.lib(ql_main.o)
                0x102c7040                GADLENTRY

text            0x102c7070      0xce0
 *(.text)
 .text          0x102c7070       0x4c libs/gcc/app_start.lib(ocpu_init.o)
                0x102c7070                _OCPU_InitUserMem
 .text          0x102c70bc      0x10c C:\Program Files (x86)\CodeSourcery\Sourcery_CodeBench_Lite_for_ARM_EABI/arm-none-eabi/lib/thumb/libc.a(lib_a-memcpy.o)
                0x102c70bc                memcpy
 .text          0x102c71c8       0x9c C:\Program Files (x86)\CodeSourcery\Sourcery_CodeBench_Lite_for_ARM_EABI/arm-none-eabi/lib/thumb/libc.a(lib_a-memset.o)
                0x102c71c8                memset
 .text          0x102c7264      0x11c C:\Program Files (x86)\CodeSourcery\Sourcery_CodeBench_Lite_for_ARM_EABI/lib/gcc/arm-none-eabi/4.7.2/thumb/libgcc.a(_udivsi3.o)
                0x102c7264                __aeabi_uidiv
                0x102c7264                __udivsi3
                0x102c7360                __aeabi_uidivmod
 .text          0x102c7380      0x150 C:\Program Files (x86)\CodeSourcery\Sourcery_CodeBench_Lite_for_ARM_EABI/lib/gcc/arm-none-eabi/4.7.2/thumb/libgcc.a(_divsi3.o)
                0x102c7380                __divsi3
                0x102c7380                __aeabi_idiv
                0x102c74b0                __aeabi_idivmod
 .text          0x102c74d0        0x4 C:\Program Files (x86)\CodeSourcery\Sourcery_CodeBench_Lite_for_ARM_EABI/lib/gcc/arm-none-eabi/4.7.2/thumb/libgcc.a(_dvmd_tls.o)
                0x102c74d0                __aeabi_idiv0
                0x102c74d0                __aeabi_ldiv0
 .text          0x102c74d4      0x41c C:\Program Files (x86)\CodeSourcery\Sourcery_CodeBench_Lite_for_ARM_EABI/lib/gcc/arm-none-eabi/4.7.2/thumb/libgcc.a(_arm_addsubdf3.o)
                0x102c74d4                __aeabi_drsub
                0x102c74dc                __aeabi_dsub
                0x102c74dc                __subdf3
                0x102c74e0                __aeabi_dadd
                0x102c74e0                __adddf3
                0x102c77f0                __floatunsidf
                0x102c77f0                __aeabi_ui2d
                0x102c7814                __floatsidf
                0x102c7814                __aeabi_i2d
                0x102c783c                __aeabi_f2d
                0x102c783c                __extendsfdf2
                0x102c787c                __floatundidf
                0x102c787c                __aeabi_ul2d
                0x102c7890                __floatdidf
                0x102c7890                __aeabi_l2d
 .text          0x102c78f0       0x5c C:\Program Files (x86)\CodeSourcery\Sourcery_CodeBench_Lite_for_ARM_EABI/lib/gcc/arm-none-eabi/4.7.2/thumb/libgcc.a(_arm_fixdfsi.o)
                0x102c78f0                __aeabi_d2iz
                0x102c78f0                __fixdfsi
 .text          0x102c794c       0xa0 C:\Program Files (x86)\CodeSourcery\Sourcery_CodeBench_Lite_for_ARM_EABI/lib/gcc/arm-none-eabi/4.7.2/thumb/libgcc.a(_arm_truncdfsf2.o)
                0x102c794c                __truncdfsf2
                0x102c794c                __aeabi_d2f
 .text          0x102c79ec      0x2f8 C:\Program Files (x86)\CodeSourcery\Sourcery_CodeBench_Lite_for_ARM_EABI/lib/gcc/arm-none-eabi/4.7.2/thumb/libgcc.a(_arm_muldivsf3.o)
                0x102c79ec                __mulsf3
                0x102c79ec                __aeabi_fmul
                0x102c7b84                __aeabi_fdiv
                0x102c7b84                __divsf3
 .text          0x102c7ce4       0x5c C:\Program Files (x86)\CodeSourcery\Sourcery_CodeBench_Lite_for_ARM_EABI/lib/gcc/arm-none-eabi/4.7.2/thumb/libgcc.a(_arm_fixsfsi.o)
                0x102c7ce4                __aeabi_f2iz
                0x102c7ce4                __fixsfsi
 .text.__stub   0x102c7d40        0xc linker stubs

.glue_7         0x102c7d50        0x0
 .glue_7        0x00000000        0x0 linker stubs

.glue_7t        0x102c7d50        0x0
 .glue_7t       0x00000000        0x0 linker stubs

.vfp11_veneer   0x102c7d50        0x0
 .vfp11_veneer  0x00000000        0x0 linker stubs

.v4_bx          0x102c7d50        0x0
 .v4_bx         0x00000000        0x0 linker stubs

.text.Ql_WTD_GetWDIPinCfg
                0x102c7d50        0xc
 .text.Ql_WTD_GetWDIPinCfg
                0x102c7d50        0xc build\gcc\obj/custom/config/custom_sys_cfg.o
                0x102c7d50                Ql_WTD_GetWDIPinCfg

.iplt           0x102c7d5c        0x0
 .iplt          0x00000000        0x0 build\gcc\obj/custom/config/custom_sys_cfg.o

.text.Ql_RIL_AT_SetErrCode
                0x102c7d5c       0x10
 .text.Ql_RIL_AT_SetErrCode
                0x102c7d5c       0x10 build\gcc\obj/ril/src/ril_atResponse.o
                0x102c7d5c                Ql_RIL_AT_SetErrCode

.text.Default_atRsp_callback
                0x102c7d6c       0xcc
 .text.Default_atRsp_callback
                0x102c7d6c       0xcc build\gcc\obj/ril/src/ril_atResponse.o
                0x102c7d6c                Default_atRsp_callback

.text.BT_DevMngmt_Append
                0x102c7e38       0x34
 .text.BT_DevMngmt_Append
                0x102c7e38       0x34 build\gcc\obj/ril/src/ril_bluetooth.o

.text.BT_DevMngmt_isFull
                0x102c7e6c       0x40
 .text.BT_DevMngmt_isFull
                0x102c7e6c       0x40 build\gcc\obj/ril/src/ril_bluetooth.o

.text.ATRsp_QBTSTATE_Hdlr
                0x102c7eac      0x444
 .text.ATRsp_QBTSTATE_Hdlr
                0x102c7eac      0x444 build\gcc\obj/ril/src/ril_bluetooth.o

.text.BT_DevMngmt_UpdateProfileId.constprop.7
                0x102c82f0       0x38
 .text.BT_DevMngmt_UpdateProfileId.constprop.7
                0x102c82f0       0x38 build\gcc\obj/ril/src/ril_bluetooth.o

.text.BT_DevMngmt_UpdateConnId.constprop.8
                0x102c8328       0x38
 .text.BT_DevMngmt_UpdateConnId.constprop.8
                0x102c8328       0x38 build\gcc\obj/ril/src/ril_bluetooth.o

.text.OnURCHandler_BTVisible
                0x102c8360       0xe4
 .text.OnURCHandler_BTVisible
                0x102c8360       0xe4 build\gcc\obj/ril/src/ril_bluetooth.o
                0x102c8360                OnURCHandler_BTVisible

.text.OnURCHandler_BTScan
                0x102c8444      0x26c
 .text.OnURCHandler_BTScan
                0x102c8444      0x26c build\gcc\obj/ril/src/ril_bluetooth.o
                0x102c8444                OnURCHandler_BTScan

.text.RIL_BT_QueryState
                0x102c86b0       0x68
 .text.RIL_BT_QueryState
                0x102c86b0       0x68 build\gcc\obj/ril/src/ril_bluetooth.o
                0x102c86b0                RIL_BT_QueryState

.text.OnURCHandler_BTPair
                0x102c8718      0x208
 .text.OnURCHandler_BTPair
                0x102c8718      0x208 build\gcc\obj/ril/src/ril_bluetooth.o
                0x102c8718                OnURCHandler_BTPair

.text.OnURCHandler_BTPairCnf
                0x102c8920      0x22c
 .text.OnURCHandler_BTPairCnf
                0x102c8920      0x22c build\gcc\obj/ril/src/ril_bluetooth.o
                0x102c8920                OnURCHandler_BTPairCnf

.text.OnURCHandler_BTConn
                0x102c8b4c      0x234
 .text.OnURCHandler_BTConn
                0x102c8b4c      0x234 build\gcc\obj/ril/src/ril_bluetooth.o
                0x102c8b4c                OnURCHandler_BTConn

.text.OnURCHandler_BTConnCnf
                0x102c8d80      0x2bc
 .text.OnURCHandler_BTConnCnf
                0x102c8d80      0x2bc build\gcc\obj/ril/src/ril_bluetooth.o
                0x102c8d80                OnURCHandler_BTConnCnf

.text.OnURCHandler_BTDisconn
                0x102c903c      0x1b8
 .text.OnURCHandler_BTDisconn
                0x102c903c      0x1b8 build\gcc\obj/ril/src/ril_bluetooth.o
                0x102c903c                OnURCHandler_BTDisconn

.text.OnURCHandler_BTIndication
                0x102c91f4      0x35c
 .text.OnURCHandler_BTIndication
                0x102c91f4      0x35c build\gcc\obj/ril/src/ril_bluetooth.o
                0x102c91f4                OnURCHandler_BTIndication

.text.Ql_RIL_RcvDataFrmCore
                0x102c9550       0x20
 .text.Ql_RIL_RcvDataFrmCore
                0x102c9550       0x20 build\gcc\obj/ril/src/ril_custom.o
                0x102c9550                Ql_RIL_RcvDataFrmCore

.text.OnURCHandler_QToneDet
                0x102c9570       0xf4
 .text.OnURCHandler_QToneDet
                0x102c9570       0xf4 build\gcc\obj/ril/src/ril_dtmf.o
                0x102c9570                OnURCHandler_QToneDet

.text.OnURCHandler_QWDTMF
                0x102c9664       0xa0
 .text.OnURCHandler_QWDTMF
                0x102c9664       0xa0 build\gcc\obj/ril/src/ril_dtmf.o
                0x102c9664                OnURCHandler_QWDTMF

.text.ATResponse_FTP_handler_Common
                0x102c9704      0x140
 .text.ATResponse_FTP_handler_Common
                0x102c9704      0x140 build\gcc\obj/ril/src/ril_ftp.o

.text.Callback_QIDEACT
                0x102c9844       0x54
 .text.Callback_QIDEACT
                0x102c9844       0x54 build\gcc\obj/ril/src/ril_ftp.o

.text.RIL_FTP_QFTPOPEN
                0x102c9898      0x2f0
 .text.RIL_FTP_QFTPOPEN
                0x102c9898      0x2f0 build\gcc\obj/ril/src/ril_ftp.o
                0x102c9898                RIL_FTP_QFTPOPEN

.text.RIL_FTP_QFTPCLOSE
                0x102c9b88       0xa8
 .text.RIL_FTP_QFTPCLOSE
                0x102c9b88       0xa8 build\gcc\obj/ril/src/ril_ftp.o
                0x102c9b88                RIL_FTP_QFTPCLOSE

.text.RIL_FTP_QFTPGET
                0x102c9c30       0xbc
 .text.RIL_FTP_QFTPGET
                0x102c9c30       0xbc build\gcc\obj/ril/src/ril_ftp.o
                0x102c9c30                RIL_FTP_QFTPGET

.text.RIL_FTP_QFTPPATH
                0x102c9cec       0xb8
 .text.RIL_FTP_QFTPPATH
                0x102c9cec       0xb8 build\gcc\obj/ril/src/ril_ftp.o
                0x102c9cec                RIL_FTP_QFTPPATH

.text.RIL_FTP_QFTPCFG
                0x102c9da4       0xc0
 .text.RIL_FTP_QFTPCFG
                0x102c9da4       0xc0 build\gcc\obj/ril/src/ril_ftp.o
                0x102c9da4                RIL_FTP_QFTPCFG

.text.RIL_FTP_QFTPSIZE
                0x102c9e64       0xb4
 .text.RIL_FTP_QFTPSIZE
                0x102c9e64       0xb4 build\gcc\obj/ril/src/ril_ftp.o
                0x102c9e64                RIL_FTP_QFTPSIZE

.text.RIL_FTP_QIDEACT
                0x102c9f18       0x30
 .text.RIL_FTP_QIDEACT
                0x102c9f18       0x30 build\gcc\obj/ril/src/ril_ftp.o
                0x102c9f18                RIL_FTP_QIDEACT

.text.RIL_GetInitCmdCnt
                0x102c9f48        0x8
 .text.RIL_GetInitCmdCnt
                0x102c9f48        0x8 build\gcc\obj/ril/src/ril_init.o
                0x102c9f48                RIL_GetInitCmdCnt

.text.RIL_GetLimitedCmdCnt
                0x102c9f50        0x8
 .text.RIL_GetLimitedCmdCnt
                0x102c9f50        0x8 build\gcc\obj/ril/src/ril_init.o
                0x102c9f50                RIL_GetLimitedCmdCnt

.text.RIL_GetLocation
                0x102c9f58       0xd4
 .text.RIL_GetLocation
                0x102c9f58       0xd4 build\gcc\obj/ril/src/ril_location.o
                0x102c9f58                RIL_GetLocation

.text.OnURCHandler_QCELLLocation
                0x102ca02c      0x148
 .text.OnURCHandler_QCELLLocation
                0x102ca02c      0x148 build\gcc\obj/ril/src/ril_location.o
                0x102ca02c                OnURCHandler_QCELLLocation

.text.ATRsp_QIDEACT_Hdlr
                0x102ca174       0x54
 .text.ATRsp_QIDEACT_Hdlr
                0x102ca174       0x54 build\gcc\obj/ril/src/ril_network.o

.text.ATResponse_CSQ_Handler
                0x102ca1c8       0xc8
 .text.ATResponse_CSQ_Handler
                0x102ca1c8       0xc8 build\gcc\obj/ril/src/ril_network.o

.text.RIL_NW_GetSignalQuality
                0x102ca290       0x98
 .text.RIL_NW_GetSignalQuality
                0x102ca290       0x98 build\gcc\obj/ril/src/ril_network.o
                0x102ca290                RIL_NW_GetSignalQuality

.text.RIL_NW_SetGPRSContext
                0x102ca328       0x7c
 .text.RIL_NW_SetGPRSContext
                0x102ca328       0x7c build\gcc\obj/ril/src/ril_network.o
                0x102ca328                RIL_NW_SetGPRSContext

.text.RIL_NW_SetAPN
                0x102ca3a4      0x10c
 .text.RIL_NW_SetAPN
                0x102ca3a4      0x10c build\gcc\obj/ril/src/ril_network.o
                0x102ca3a4                RIL_NW_SetAPN

.text.RIL_NW_ClosePDPContext
                0x102ca4b0       0x70
 .text.RIL_NW_ClosePDPContext
                0x102ca4b0       0x70 build\gcc\obj/ril/src/ril_network.o
                0x102ca4b0                RIL_NW_ClosePDPContext

.text.OnURCHandler_NTPCMD
                0x102ca520       0x6c
 .text.OnURCHandler_NTPCMD
                0x102ca520       0x6c build\gcc\obj/ril/src/ril_ntp.o
                0x102ca520                OnURCHandler_NTPCMD

.text.RIL_SIM_GetSimStateByName
                0x102ca58c      0x170
 .text.RIL_SIM_GetSimStateByName
                0x102ca58c      0x170 build\gcc\obj/ril/src/ril_sim.o
                0x102ca58c                RIL_SIM_GetSimStateByName

.text.CmdGetStorageInfo
                0x102ca6fc       0xe4
 .text.CmdGetStorageInfo
                0x102ca6fc       0xe4 build\gcc\obj/ril/src/ril_sms.o

.text.SMS_CMD_GeneralHandler
                0x102ca7e0      0x4f8
 .text.SMS_CMD_GeneralHandler
                0x102ca7e0      0x4f8 build\gcc\obj/ril/src/ril_sms.o

.text.CmdSendPDUMsg
                0x102cacd8      0x180
 .text.CmdSendPDUMsg
                0x102cacd8      0x180 build\gcc\obj/ril/src/ril_sms.o

.text.CmdReadPDUMsg
                0x102cae58      0x130
 .text.CmdReadPDUMsg
                0x102cae58      0x130 build\gcc\obj/ril/src/ril_sms.o

.text.ConvStringToPhoneNumber
                0x102caf88       0xf0
 .text.ConvStringToPhoneNumber
                0x102caf88       0xf0 build\gcc\obj/ril/src/ril_sms.o

.text.ConvPhoneNumberToString.constprop.4
                0x102cb078       0xc4
 .text.ConvPhoneNumberToString.constprop.4
                0x102cb078       0xc4 build\gcc\obj/ril/src/ril_sms.o

.text.RIL_SMS_ReadSMS_Text
                0x102cb13c      0x360
 .text.RIL_SMS_ReadSMS_Text
                0x102cb13c      0x360 build\gcc\obj/ril/src/ril_sms.o
                0x102cb13c                RIL_SMS_ReadSMS_Text

.text.RIL_SMS_SendSMS_Text
                0x102cb49c      0x290
 .text.RIL_SMS_SendSMS_Text
                0x102cb49c      0x290 build\gcc\obj/ril/src/ril_sms.o
                0x102cb49c                RIL_SMS_SendSMS_Text

.text.RIL_SMS_DeleteSMS
                0x102cb72c      0x114
 .text.RIL_SMS_DeleteSMS
                0x102cb72c      0x114 build\gcc\obj/ril/src/ril_sms.o
                0x102cb72c                RIL_SMS_DeleteSMS

.text.OnURCHandler_HTTP
                0x102cb840       0x6c
 .text.OnURCHandler_HTTP
                0x102cb840       0x6c build\gcc\obj/ril/src/ril_urc.o

.text.OnURCHandler_AudPlayInd
                0x102cb8ac       0x50
 .text.OnURCHandler_AudPlayInd
                0x102cb8ac       0x50 build\gcc\obj/ril/src/ril_urc.o

.text.OnURCHandler_FTP
                0x102cb8fc      0x178
 .text.OnURCHandler_FTP
                0x102cb8fc      0x178 build\gcc\obj/ril/src/ril_urc.o

.text.OnURCHandler_AlarmRing
                0x102cba74       0x28
 .text.OnURCHandler_AlarmRing
                0x102cba74       0x28 build\gcc\obj/ril/src/ril_urc.o

.text.OnURCHandler_InitStat
                0x102cba9c       0x68
 .text.OnURCHandler_InitStat
                0x102cba9c       0x68 build\gcc\obj/ril/src/ril_urc.o

.text.OnURCHandler_CFUN
                0x102cbb04       0xc0
 .text.OnURCHandler_CFUN
                0x102cbb04       0xc0 build\gcc\obj/ril/src/ril_urc.o

.text.OnURCHandler_Voltage
                0x102cbbc4       0xa4
 .text.OnURCHandler_Voltage
                0x102cbbc4       0xa4 build\gcc\obj/ril/src/ril_urc.o

.text.OnURCHandler_Network
                0x102cbc68      0x178
 .text.OnURCHandler_Network
                0x102cbc68      0x178 build\gcc\obj/ril/src/ril_urc.o

.text.OnURCHandler_Call
                0x102cbde0      0x28c
 .text.OnURCHandler_Call
                0x102cbde0      0x28c build\gcc\obj/ril/src/ril_urc.o

.text.OnURCHandler_SIM
                0x102cc06c      0x100
 .text.OnURCHandler_SIM
                0x102cc06c      0x100 build\gcc\obj/ril/src/ril_urc.o

.text.OnURCHandler_SMS
                0x102cc16c      0x138
 .text.OnURCHandler_SMS
                0x102cc16c      0x138 build\gcc\obj/ril/src/ril_urc.o

.text.OnURCHandler
                0x102cc2a4       0xc0
 .text.OnURCHandler
                0x102cc2a4       0xc0 build\gcc\obj/ril/src/ril_urc.o
                0x102cc2a4                OnURCHandler

.text.Ql_RIL_IsURCStr
                0x102cc364       0x80
 .text.Ql_RIL_IsURCStr
                0x102cc364       0x80 build\gcc\obj/ril/src/ril_urc.o
                0x102cc364                Ql_RIL_IsURCStr

.text.Ql_StrPrefixMatch
                0x102cc3e4       0x48
 .text.Ql_StrPrefixMatch
                0x102cc3e4       0x48 build\gcc\obj/ril/src/ril_util.o
                0x102cc3e4                Ql_StrPrefixMatch

.text.Ql_StrToUpper
                0x102cc42c       0x44
 .text.Ql_StrToUpper
                0x102cc42c       0x44 build\gcc\obj/ril/src/ril_util.o
                0x102cc42c                Ql_StrToUpper

.text.Ql_RIL_FindString
                0x102cc470       0x90
 .text.Ql_RIL_FindString
                0x102cc470       0x90 build\gcc\obj/ril/src/ril_util.o
                0x102cc470                Ql_RIL_FindString

.text.Ql_RIL_FindLine
                0x102cc500      0x278
 .text.Ql_RIL_FindLine
                0x102cc500      0x278 build\gcc\obj/ril/src/ril_util.o
                0x102cc500                Ql_RIL_FindLine

.text.Ql_GenHash
                0x102cc778       0x4c
 .text.Ql_GenHash
                0x102cc778       0x4c build\gcc\obj/ril/src/ril_util.o
                0x102cc778                Ql_GenHash

.text.Callback_GPRS_Deactived
                0x102cc7c4       0xfc
 .text.Callback_GPRS_Deactived
                0x102cc7c4       0xfc build\gcc\obj/example/example_Deep_Sea_4522_V07.o

.text.Callback_Location
                0x102cc8c0      0x188
 .text.Callback_Location
                0x102cc8c0      0x188 build\gcc\obj/example/example_Deep_Sea_4522_V07.o

.text.Callback_Socket_Close
                0x102cca48      0x16c
 .text.Callback_Socket_Close
                0x102cca48      0x16c build\gcc\obj/example/example_Deep_Sea_4522_V07.o

.text.Callback_GPRS_Actived
                0x102ccbb4      0x694
 .text.Callback_GPRS_Actived
                0x102ccbb4      0x694 build\gcc\obj/example/example_Deep_Sea_4522_V07.o

.text.SOC_CONNECT_TO_SERVER
                0x102cd248      0x60c
 .text.SOC_CONNECT_TO_SERVER
                0x102cd248      0x60c build\gcc\obj/example/example_Deep_Sea_4522_V07.o

.text.DELAY.isra.0
                0x102cd854       0x6c
 .text.DELAY.isra.0
                0x102cd854       0x6c build\gcc\obj/example/example_Deep_Sea_4522_V07.o

.text.Callback_Socket_Write
                0x102cd8c0       0xd4
 .text.Callback_Socket_Write
                0x102cd8c0       0xd4 build\gcc\obj/example/example_Deep_Sea_4522_V07.o

.text.Callback_Socket_Connect
                0x102cd994      0x15c
 .text.Callback_Socket_Connect
                0x102cd994      0x15c build\gcc\obj/example/example_Deep_Sea_4522_V07.o
                0x102cd994                Callback_Socket_Connect

.text.GPRS_TCP_Program.isra.3
                0x102cdaf0      0x92c
 .text.GPRS_TCP_Program.isra.3
                0x102cdaf0      0x92c build\gcc\obj/example/example_Deep_Sea_4522_V07.o

.text.WRITE_DATA_TO_UFS
                0x102ce41c      0x950
 .text.WRITE_DATA_TO_UFS
                0x102ce41c      0x950 build\gcc\obj/example/example_Deep_Sea_4522_V07.o
                0x102ce41c                WRITE_DATA_TO_UFS

.text.SEND_SMS  0x102ced6c      0x148
 .text.SEND_SMS
                0x102ced6c      0x148 build\gcc\obj/example/example_Deep_Sea_4522_V07.o
                0x102ced6c                SEND_SMS

.text.Callback_UART_Hdlr_Main_Port
                0x102ceeb4      0x6ec
 .text.Callback_UART_Hdlr_Main_Port
                0x102ceeb4      0x6ec build\gcc\obj/example/example_Deep_Sea_4522_V07.o

.text.TIMER_INIITIALIZE
                0x102cf5a0      0x558
 .text.TIMER_INIITIALIZE
                0x102cf5a0      0x558 build\gcc\obj/example/example_Deep_Sea_4522_V07.o
                0x102cf5a0                TIMER_INIITIALIZE

.text.SYSTEM_INITIALIZE
                0x102cfaf8      0x4b8
 .text.SYSTEM_INITIALIZE
                0x102cfaf8      0x4b8 build\gcc\obj/example/example_Deep_Sea_4522_V07.o
                0x102cfaf8                SYSTEM_INITIALIZE

.text.FOTA_upgrade
                0x102cffb0      0x21c
 .text.FOTA_upgrade
                0x102cffb0      0x21c build\gcc\obj/example/example_Deep_Sea_4522_V07.o
                0x102cffb0                FOTA_upgrade

.text.MODBUS_READ_QURIES
                0x102d01cc      0x518
 .text.MODBUS_READ_QURIES
                0x102d01cc      0x518 build\gcc\obj/example/example_Deep_Sea_4522_V07.o
                0x102d01cc                MODBUS_READ_QURIES

.text.PORT_VALUE_CAL
                0x102d06e4       0x34
 .text.PORT_VALUE_CAL
                0x102d06e4       0x34 build\gcc\obj/example/example_Deep_Sea_4522_V07.o
                0x102d06e4                PORT_VALUE_CAL

.text.CONVERT_TIME_BUFFER_TO_SECONDS_VALUE
                0x102d0718       0x40
 .text.CONVERT_TIME_BUFFER_TO_SECONDS_VALUE
                0x102d0718       0x40 build\gcc\obj/example/example_Deep_Sea_4522_V07.o
                0x102d0718                CONVERT_TIME_BUFFER_TO_SECONDS_VALUE

.text.READ_DATA_FROM_UFS
                0x102d0758     0x1298
 .text.READ_DATA_FROM_UFS
                0x102d0758     0x1298 build\gcc\obj/example/example_Deep_Sea_4522_V07.o
                0x102d0758                READ_DATA_FROM_UFS

.text.Hdlr_RecvNewSMS.isra.6
                0x102d19f0     0x224c
 .text.Hdlr_RecvNewSMS.isra.6
                0x102d19f0     0x224c build\gcc\obj/example/example_Deep_Sea_4522_V07.o

.text.SEPARATE_MODBUS_DATA
                0x102d3c3c      0x2e8
 .text.SEPARATE_MODBUS_DATA
                0x102d3c3c      0x2e8 build\gcc\obj/example/example_Deep_Sea_4522_V07.o
                0x102d3c3c                SEPARATE_MODBUS_DATA

.text.Callback_Socket_Read.part.7
                0x102d3f24      0x7b8
 .text.Callback_Socket_Read.part.7
                0x102d3f24      0x7b8 build\gcc\obj/example/example_Deep_Sea_4522_V07.o

.text.Callback_Socket_Read
                0x102d46dc       0xa4
 .text.Callback_Socket_Read
                0x102d46dc       0xa4 build\gcc\obj/example/example_Deep_Sea_4522_V07.o

.text.WTD_Init  0x102d4780      0x128
 .text.WTD_Init
                0x102d4780      0x128 build\gcc\obj/example/example_Deep_Sea_4522_V07.o
                0x102d4780                WTD_Init

.text.proc_main_task
                0x102d48a8      0xd7c
 .text.proc_main_task
                0x102d48a8      0xd7c build\gcc\obj/example/example_Deep_Sea_4522_V07.o
                0x102d48a8                proc_main_task

.text.DECIMAL_TO_HEX
                0x102d5624       0x14
 .text.DECIMAL_TO_HEX
                0x102d5624       0x14 build\gcc\obj/example/example_Deep_Sea_4522_V07.o
                0x102d5624                DECIMAL_TO_HEX

.text.CALCULATE_CRC
                0x102d5638      0x2e0
 .text.CALCULATE_CRC
                0x102d5638      0x2e0 build\gcc\obj/example/example_Deep_Sea_4522_V07.o
                0x102d5638                CALCULATE_CRC

.text.MODBUS_WRITE_QUERIES
                0x102d5918      0x244
 .text.MODBUS_WRITE_QUERIES
                0x102d5918      0x244 build\gcc\obj/example/example_Deep_Sea_4522_V07.o
                0x102d5918                MODBUS_WRITE_QUERIES

.text.TIMER_HANDLER
                0x102d5b5c      0x94c
 .text.TIMER_HANDLER
                0x102d5b5c      0x94c build\gcc\obj/example/example_Deep_Sea_4522_V07.o

.text.MODBUS_RESPONSE_CHECK
                0x102d64a8     0x1148
 .text.MODBUS_RESPONSE_CHECK
                0x102d64a8     0x1148 build\gcc\obj/example/example_Deep_Sea_4522_V07.o
                0x102d64a8                MODBUS_RESPONSE_CHECK

.text.Callback_UART_Hdlr_Modbus_Port
                0x102d75f0      0x238
 .text.Callback_UART_Hdlr_Modbus_Port
                0x102d75f0      0x238 build\gcc\obj/example/example_Deep_Sea_4522_V07.o

.text.FTP_Callback_OnDownload
                0x102d7828      0x578
 .text.FTP_Callback_OnDownload
                0x102d7828      0x578 build\gcc\obj/custom/fota/src/fota_ftp.o
                0x102d7828                FTP_Callback_OnDownload

.text.FTP_FotaMain
                0x102d7da0      0x96c
 .text.FTP_FotaMain
                0x102d7da0      0x96c build\gcc\obj/custom/fota/src/fota_ftp.o
                0x102d7da0                FTP_FotaMain

.text.FTP_IsFtpServer
                0x102d870c       0x50
 .text.FTP_IsFtpServer
                0x102d870c       0x50 build\gcc\obj/custom/fota/src/fota_ftp.o
                0x102d870c                FTP_IsFtpServer

.text.HttpCallBack_GPRS_Deactived
                0x102d875c        0x4
 .text.HttpCallBack_GPRS_Deactived
                0x102d875c        0x4 build\gcc\obj/custom/fota/src/fota_http.o
                0x102d875c                HttpCallBack_GPRS_Deactived

.text.Httpcallback_socket_connect
                0x102d8760        0x4
 .text.Httpcallback_socket_connect
                0x102d8760        0x4 build\gcc\obj/custom/fota/src/fota_http.o
                0x102d8760                Httpcallback_socket_connect

.text.Httpcallback_socket_close
                0x102d8764        0x4
 .text.Httpcallback_socket_close
                0x102d8764        0x4 build\gcc\obj/custom/fota/src/fota_http.o
                0x102d8764                Httpcallback_socket_close

.text.Httpcallback_socket_accept
                0x102d8768        0x4
 .text.Httpcallback_socket_accept
                0x102d8768        0x4 build\gcc\obj/custom/fota/src/fota_http.o
                0x102d8768                Httpcallback_socket_accept

.text.Httpcallback_socket_write
                0x102d876c        0x4
 .text.Httpcallback_socket_write
                0x102d876c        0x4 build\gcc\obj/custom/fota/src/fota_http.o
                0x102d876c                Httpcallback_socket_write

.text.http_TimerCallback
                0x102d8770       0x98
 .text.http_TimerCallback
                0x102d8770       0x98 build\gcc\obj/custom/fota/src/fota_http.o
                0x102d8770                http_TimerCallback

.text.HTTP_IsHttpServer
                0x102d8808       0x50
 .text.HTTP_IsHttpServer
                0x102d8808       0x50 build\gcc\obj/custom/fota/src/fota_http.o
                0x102d8808                HTTP_IsHttpServer

.text.http_initialize
                0x102d8858       0xcc
 .text.http_initialize
                0x102d8858       0xcc build\gcc\obj/custom/fota/src/fota_http.o
                0x102d8858                http_initialize

.text.http_SendHttpGetHead
                0x102d8924      0x470
 .text.http_SendHttpGetHead
                0x102d8924      0x470 build\gcc\obj/custom/fota/src/fota_http.o
                0x102d8924                http_SendHttpGetHead

.text.http_GetImagefilefromServer
                0x102d8d94      0x1c0
 .text.http_GetImagefilefromServer
                0x102d8d94      0x1c0 build\gcc\obj/custom/fota/src/fota_http.o
                0x102d8d94                http_GetImagefilefromServer

.text.Callback_GetIpByHostName
                0x102d8f54       0x70
 .text.Callback_GetIpByHostName
                0x102d8f54       0x70 build\gcc\obj/custom/fota/src/fota_http.o
                0x102d8f54                Callback_GetIpByHostName

.text.HTTP_FotaMain
                0x102d8fc4      0x408
 .text.HTTP_FotaMain
                0x102d8fc4      0x408 build\gcc\obj/custom/fota/src/fota_http.o
                0x102d8fc4                HTTP_FotaMain

.text.http_RecvHttpChunkedBody
                0x102d93cc       0x58
 .text.http_RecvHttpChunkedBody
                0x102d93cc       0x58 build\gcc\obj/custom/fota/src/fota_http.o
                0x102d93cc                http_RecvHttpChunkedBody

.text.http_RecvHttpBody
                0x102d9424      0x3c8
 .text.http_RecvHttpBody
                0x102d9424      0x3c8 build\gcc\obj/custom/fota/src/fota_http.o
                0x102d9424                http_RecvHttpBody

.text.http_RecvHttpHead
                0x102d97ec      0x2ec
 .text.http_RecvHttpHead
                0x102d97ec      0x2ec build\gcc\obj/custom/fota/src/fota_http.o
                0x102d97ec                http_RecvHttpHead

.text.Httpcallback_socket_read
                0x102d9ad8      0x100
 .text.Httpcallback_socket_read
                0x102d9ad8      0x100 build\gcc\obj/custom/fota/src/fota_http.o
                0x102d9ad8                Httpcallback_socket_read

.text.quectel_stricmp_bylength
                0x102d9bd8       0x64
 .text.quectel_stricmp_bylength
                0x102d9bd8       0x64 build\gcc\obj/custom/fota/src/fota_http_code.o
                0x102d9bd8                quectel_stricmp_bylength

.text.http_ip_check
                0x102d9c3c       0x3c
 .text.http_ip_check
                0x102d9c3c       0x3c build\gcc\obj/custom/fota/src/fota_http_code.o
                0x102d9c3c                http_ip_check

.text.http_DecodeURL
                0x102d9c78      0x3a8
 .text.http_DecodeURL
                0x102d9c78      0x3a8 build\gcc\obj/custom/fota/src/fota_http_code.o
                0x102d9c78                http_DecodeURL

.text.find_linesymbol
                0x102da020       0x7c
 .text.find_linesymbol
                0x102da020       0x7c build\gcc\obj/custom/fota/src/fota_http_code.o
                0x102da020                find_linesymbol

.text.http_DecodeHeader
                0x102da09c      0x2f8
 .text.http_DecodeHeader
                0x102da09c      0x2f8 build\gcc\obj/custom/fota/src/fota_http_code.o
                0x102da09c                http_DecodeHeader

.text.Fota_Upgrade_States
                0x102da394      0x16c
 .text.Fota_Upgrade_States
                0x102da394      0x16c build\gcc\obj/custom/fota/src/fota_main.o

.text.Ql_FOTA_StartUpgrade
                0x102da500      0x1e4
 .text.Ql_FOTA_StartUpgrade
                0x102da500      0x1e4 build\gcc\obj/custom/fota/src/fota_main.o
                0x102da500                Ql_FOTA_StartUpgrade

.text.Ql_FS_Open
                0x102da6e4       0x68
 .text.Ql_FS_Open
                0x102da6e4       0x68 libs/gcc/app_start.lib(fileSys.o)
                0x102da6e4                Ql_FS_Open

.text.Ql_FS_OpenRAMFile
                0x102da74c       0x70
 .text.Ql_FS_OpenRAMFile
                0x102da74c       0x70 libs/gcc/app_start.lib(fileSys.o)
                0x102da74c                Ql_FS_OpenRAMFile

.text.Ql_FS_Read
                0x102da7bc       0x78
 .text.Ql_FS_Read
                0x102da7bc       0x78 libs/gcc/app_start.lib(fileSys.o)
                0x102da7bc                Ql_FS_Read

.text.Ql_FS_Write
                0x102da834       0x78
 .text.Ql_FS_Write
                0x102da834       0x78 libs/gcc/app_start.lib(fileSys.o)
                0x102da834                Ql_FS_Write

.text.Ql_FS_Seek
                0x102da8ac       0x70
 .text.Ql_FS_Seek
                0x102da8ac       0x70 libs/gcc/app_start.lib(fileSys.o)
                0x102da8ac                Ql_FS_Seek

.text.Ql_FS_GetFilePosition
                0x102da91c       0x60
 .text.Ql_FS_GetFilePosition
                0x102da91c       0x60 libs/gcc/app_start.lib(fileSys.o)
                0x102da91c                Ql_FS_GetFilePosition

.text.Ql_FS_Truncate
                0x102da97c       0x60
 .text.Ql_FS_Truncate
                0x102da97c       0x60 libs/gcc/app_start.lib(fileSys.o)
                0x102da97c                Ql_FS_Truncate

.text.Ql_FS_Flush
                0x102da9dc       0x54
 .text.Ql_FS_Flush
                0x102da9dc       0x54 libs/gcc/app_start.lib(fileSys.o)
                0x102da9dc                Ql_FS_Flush

.text.Ql_FS_Close
                0x102daa30       0x54
 .text.Ql_FS_Close
                0x102daa30       0x54 libs/gcc/app_start.lib(fileSys.o)
                0x102daa30                Ql_FS_Close

.text.Ql_FS_GetSize
                0x102daa84       0x60
 .text.Ql_FS_GetSize
                0x102daa84       0x60 libs/gcc/app_start.lib(fileSys.o)
                0x102daa84                Ql_FS_GetSize

.text.Ql_FS_Delete
                0x102daae4       0x60
 .text.Ql_FS_Delete
                0x102daae4       0x60 libs/gcc/app_start.lib(fileSys.o)
                0x102daae4                Ql_FS_Delete

.text.Ql_FS_Check
                0x102dab44       0x60
 .text.Ql_FS_Check
                0x102dab44       0x60 libs/gcc/app_start.lib(fileSys.o)
                0x102dab44                Ql_FS_Check

.text.Ql_FS_CreateDir
                0x102daba4       0x60
 .text.Ql_FS_CreateDir
                0x102daba4       0x60 libs/gcc/app_start.lib(fileSys.o)
                0x102daba4                Ql_FS_CreateDir

.text.Ql_FS_CheckDir
                0x102dac04       0x60
 .text.Ql_FS_CheckDir
                0x102dac04       0x60 libs/gcc/app_start.lib(fileSys.o)
                0x102dac04                Ql_FS_CheckDir

.text.Ql_FS_GetFreeSpace
                0x102dac64       0x74
 .text.Ql_FS_GetFreeSpace
                0x102dac64       0x74 libs/gcc/app_start.lib(fileSys.o)
                0x102dac64                Ql_FS_GetFreeSpace

.text.Ql_FS_GetTotalSpace
                0x102dacd8       0x74
 .text.Ql_FS_GetTotalSpace
                0x102dacd8       0x74 libs/gcc/app_start.lib(fileSys.o)
                0x102dacd8                Ql_FS_GetTotalSpace

.text.Ql_FOTA_Init
                0x102dad4c       0x60
 .text.Ql_FOTA_Init
                0x102dad4c       0x60 libs/gcc/app_start.lib(fota.o)
                0x102dad4c                Ql_FOTA_Init

.text.Ql_FOTA_WriteData
                0x102dadac       0x68
 .text.Ql_FOTA_WriteData
                0x102dadac       0x68 libs/gcc/app_start.lib(fota.o)
                0x102dadac                Ql_FOTA_WriteData

.text.Ql_FOTA_Finish
                0x102dae14       0x58
 .text.Ql_FOTA_Finish
                0x102dae14       0x58 libs/gcc/app_start.lib(fota.o)
                0x102dae14                Ql_FOTA_Finish

.text.Ql_FOTA_Update
                0x102dae6c       0x58
 .text.Ql_FOTA_Update
                0x102dae6c       0x58 libs/gcc/app_start.lib(fota.o)
                0x102dae6c                Ql_FOTA_Update

.text.Ql_GPRS_GetPDPCntxtState
                0x102daec4       0x60
 .text.Ql_GPRS_GetPDPCntxtState
                0x102daec4       0x60 libs/gcc/app_start.lib(gprs.o)
                0x102daec4                Ql_GPRS_GetPDPCntxtState

.text.Ql_GPRS_GetPDPContextId
                0x102daf24       0x60
 .text.Ql_GPRS_GetPDPContextId
                0x102daf24       0x60 libs/gcc/app_start.lib(gprs.o)
                0x102daf24                Ql_GPRS_GetPDPContextId

.text.Ql_GPRS_Config
                0x102daf84       0x68
 .text.Ql_GPRS_Config
                0x102daf84       0x68 libs/gcc/app_start.lib(gprs.o)
                0x102daf84                Ql_GPRS_Config

.text.Ql_GPRS_Register
                0x102dafec       0x70
 .text.Ql_GPRS_Register
                0x102dafec       0x70 libs/gcc/app_start.lib(gprs.o)
                0x102dafec                Ql_GPRS_Register

.text.Ql_GPRS_Activate
                0x102db05c       0x60
 .text.Ql_GPRS_Activate
                0x102db05c       0x60 libs/gcc/app_start.lib(gprs.o)
                0x102db05c                Ql_GPRS_Activate

.text.Ql_GPRS_ActivateEx
                0x102db0bc       0x68
 .text.Ql_GPRS_ActivateEx
                0x102db0bc       0x68 libs/gcc/app_start.lib(gprs.o)
                0x102db0bc                Ql_GPRS_ActivateEx

.text.Ql_GPRS_Deactivate
                0x102db124       0x60
 .text.Ql_GPRS_Deactivate
                0x102db124       0x60 libs/gcc/app_start.lib(gprs.o)
                0x102db124                Ql_GPRS_Deactivate

.text.Ql_GPRS_DeactivateEx
                0x102db184       0x68
 .text.Ql_GPRS_DeactivateEx
                0x102db184       0x68 libs/gcc/app_start.lib(gprs.o)
                0x102db184                Ql_GPRS_DeactivateEx

.text.EncodeAddress
                0x102db1ec      0x228
 .text.EncodeAddress
                0x102db1ec      0x228 libs/gcc/app_start.lib(lib_ril_sms.o)

.text.DecodeUserDataHeader
                0x102db414       0xb8
 .text.DecodeUserDataHeader
                0x102db414       0xb8 libs/gcc/app_start.lib(lib_ril_sms.o)

.text.EncodeGSM7Bit.part.2
                0x102db4cc       0xd4
 .text.EncodeGSM7Bit.part.2
                0x102db4cc       0xd4 libs/gcc/app_start.lib(lib_ril_sms.o)

.text.DecodeGSM7Bit
                0x102db5a0      0x148
 .text.DecodeGSM7Bit
                0x102db5a0      0x148 libs/gcc/app_start.lib(lib_ril_sms.o)

.text.DecodeAddress
                0x102db6e8      0x218
 .text.DecodeAddress
                0x102db6e8      0x218 libs/gcc/app_start.lib(lib_ril_sms.o)

.text.DecordUserDataBody.part.5
                0x102db900      0x180
 .text.DecordUserDataBody.part.5
                0x102db900      0x180 libs/gcc/app_start.lib(lib_ril_sms.o)

.text.DecodeTimeStamp.constprop.8
                0x102dba80       0xfc
 .text.DecodeTimeStamp.constprop.8
                0x102dba80       0xfc libs/gcc/app_start.lib(lib_ril_sms.o)

.text.LIB_SMS_IsValidHexStr
                0x102dbb7c       0x54
 .text.LIB_SMS_IsValidHexStr
                0x102dbb7c       0x54 libs/gcc/app_start.lib(lib_ril_sms.o)
                0x102dbb7c                LIB_SMS_IsValidHexStr

.text.LIB_SMS_ConvHexOctToHexStr
                0x102dbbd0       0xa8
 .text.LIB_SMS_ConvHexOctToHexStr
                0x102dbbd0       0xa8 libs/gcc/app_start.lib(lib_ril_sms.o)
                0x102dbbd0                LIB_SMS_ConvHexOctToHexStr

.text.LIB_SMS_ConvHexStrToHexOct
                0x102dbc78       0xe8
 .text.LIB_SMS_ConvHexStrToHexOct
                0x102dbc78       0xe8 libs/gcc/app_start.lib(lib_ril_sms.o)
                0x102dbc78                LIB_SMS_ConvHexStrToHexOct

.text.LIB_SMS_DecodeDCS
                0x102dbd60      0x164
 .text.LIB_SMS_DecodeDCS
                0x102dbd60      0x164 libs/gcc/app_start.lib(lib_ril_sms.o)
                0x102dbd60                LIB_SMS_DecodeDCS

.text.LIB_SMS_ConvAlphaToCharSet
                0x102dbec4      0x43c
 .text.LIB_SMS_ConvAlphaToCharSet
                0x102dbec4      0x43c libs/gcc/app_start.lib(lib_ril_sms.o)
                0x102dbec4                LIB_SMS_ConvAlphaToCharSet

.text.LIB_SMS_ConvCharSetToAlpha
                0x102dc300      0x7b4
 .text.LIB_SMS_ConvCharSetToAlpha
                0x102dc300      0x7b4 libs/gcc/app_start.lib(lib_ril_sms.o)
                0x102dc300                LIB_SMS_ConvCharSetToAlpha

.text.LIB_SMS_DecodePDUStr
                0x102dcab4      0x500
 .text.LIB_SMS_DecodePDUStr
                0x102dcab4      0x500 libs/gcc/app_start.lib(lib_ril_sms.o)
                0x102dcab4                LIB_SMS_DecodePDUStr

.text.LIB_SMS_EncodeSubmitPDU
                0x102dcfb4      0x730
 .text.LIB_SMS_EncodeSubmitPDU
                0x102dcfb4      0x730 libs/gcc/app_start.lib(lib_ril_sms.o)
                0x102dcfb4                LIB_SMS_EncodeSubmitPDU

.text.Ql_MEM_Alloc
                0x102dd6e4       0x78
 .text.Ql_MEM_Alloc
                0x102dd6e4       0x78 libs/gcc/app_start.lib(memory.o)
                0x102dd6e4                Ql_MEM_Alloc

.text.Ql_MEM_Free
                0x102dd75c       0x74
 .text.Ql_MEM_Free
                0x102dd75c       0x74 libs/gcc/app_start.lib(memory.o)
                0x102dd75c                Ql_MEM_Free

.text.ql_InitVFunc
                0x102dd7d0       0xd8
 .text.ql_InitVFunc
                0x102dd7d0       0xd8 libs/gcc/app_start.lib(ql_main.o)
                0x102dd7d0                ql_InitVFunc

.text.ocpu_main
                0x102dd8a8       0xf0
 .text.ocpu_main
                0x102dd8a8       0xf0 libs/gcc/app_start.lib(ql_main.o)
                0x102dd8a8                ocpu_main

.text.proc_reserved2
                0x102dd998       0x70
 .text.proc_reserved2
                0x102dd998       0x70 libs/gcc/app_start.lib(ril_aux.o)
                0x102dd998                proc_reserved2

.text.ril_StopATTimer
                0x102dda08       0x34
 .text.ril_StopATTimer
                0x102dda08       0x34 libs/gcc/app_start.lib(ril_main.o)

.text.Callback_OnATTimer
                0x102dda3c       0x4c
 .text.Callback_OnATTimer
                0x102dda3c       0x4c libs/gcc/app_start.lib(ril_main.o)

.text.CallBack_SerialPort_Hdlr
                0x102dda88      0x384
 .text.CallBack_SerialPort_Hdlr
                0x102dda88      0x384 libs/gcc/app_start.lib(ril_main.o)

.text.proc_reserved1
                0x102dde0c      0x200
 .text.proc_reserved1
                0x102dde0c      0x200 libs/gcc/app_start.lib(ril_main.o)
                0x102dde0c                proc_reserved1

.text.Ql_RIL_Initialize
                0x102de00c       0xd4
 .text.Ql_RIL_Initialize
                0x102de00c       0xd4 libs/gcc/app_start.lib(ril_main.o)
                0x102de00c                Ql_RIL_Initialize

.text.Ql_RIL_SendATCmd
                0x102de0e0      0x260
 .text.Ql_RIL_SendATCmd
                0x102de0e0      0x260 libs/gcc/app_start.lib(ril_main.o)
                0x102de0e0                Ql_RIL_SendATCmd

.text.Ql_RIL_WriteDataToCore
                0x102de340       0x24
 .text.Ql_RIL_WriteDataToCore
                0x102de340       0x24 libs/gcc/app_start.lib(ril_main.o)
                0x102de340                Ql_RIL_WriteDataToCore

.text.Ql_SOC_Register
                0x102de364       0x84
 .text.Ql_SOC_Register
                0x102de364       0x84 libs/gcc/app_start.lib(socket.o)
                0x102de364                Ql_SOC_Register

.text.Ql_SOC_Create
                0x102de3e8       0x64
 .text.Ql_SOC_Create
                0x102de3e8       0x64 libs/gcc/app_start.lib(socket.o)
                0x102de3e8                Ql_SOC_Create

.text.Ql_SOC_CreateEx
                0x102de44c       0x94
 .text.Ql_SOC_CreateEx
                0x102de44c       0x94 libs/gcc/app_start.lib(socket.o)
                0x102de44c                Ql_SOC_CreateEx

.text.Ql_SOC_Close
                0x102de4e0       0x60
 .text.Ql_SOC_Close
                0x102de4e0       0x60 libs/gcc/app_start.lib(socket.o)
                0x102de4e0                Ql_SOC_Close

.text.Ql_SOC_Connect
                0x102de540       0x70
 .text.Ql_SOC_Connect
                0x102de540       0x70 libs/gcc/app_start.lib(socket.o)
                0x102de540                Ql_SOC_Connect

.text.Ql_SOC_ConnectEx
                0x102de5b0       0x78
 .text.Ql_SOC_ConnectEx
                0x102de5b0       0x78 libs/gcc/app_start.lib(socket.o)
                0x102de5b0                Ql_SOC_ConnectEx

.text.Ql_SOC_Send
                0x102de628       0x70
 .text.Ql_SOC_Send
                0x102de628       0x70 libs/gcc/app_start.lib(socket.o)
                0x102de628                Ql_SOC_Send

.text.Ql_SOC_Recv
                0x102de698       0x70
 .text.Ql_SOC_Recv
                0x102de698       0x70 libs/gcc/app_start.lib(socket.o)
                0x102de698                Ql_SOC_Recv

.text.Ql_IpHelper_GetIPByHostName
                0x102de708       0x78
 .text.Ql_IpHelper_GetIPByHostName
                0x102de708       0x78 libs/gcc/app_start.lib(socket.o)
                0x102de708                Ql_IpHelper_GetIPByHostName

.text.Ql_IpHelper_ConvertIpAddr
                0x102de780       0x68
 .text.Ql_IpHelper_ConvertIpAddr
                0x102de780       0x68 libs/gcc/app_start.lib(socket.o)
                0x102de780                Ql_IpHelper_ConvertIpAddr

.text.Ql_atof   0x102de7e8       0x98
 .text.Ql_atof  0x102de7e8       0x98 libs/gcc/app_start.lib(stdlib_func.o)
                0x102de7e8                Ql_atof

.text.Ql_strcpy
                0x102de880       0xa0
 .text.Ql_strcpy
                0x102de880       0xa0 libs/gcc/app_start.lib(stdlib_func.o)
                0x102de880                Ql_strcpy

.text.Ql_strncpy
                0x102de920       0x88
 .text.Ql_strncpy
                0x102de920       0x88 libs/gcc/app_start.lib(stdlib_func.o)
                0x102de920                Ql_strncpy

.text.Ql_strlen
                0x102de9a8       0x78
 .text.Ql_strlen
                0x102de9a8       0x78 libs/gcc/app_start.lib(stdlib_func.o)
                0x102de9a8                Ql_strlen

.text.Ql_strcmp
                0x102dea20       0x68
 .text.Ql_strcmp
                0x102dea20       0x68 libs/gcc/app_start.lib(stdlib_func.o)
                0x102dea20                Ql_strcmp

.text.Ql_strncmp
                0x102dea88       0x70
 .text.Ql_strncmp
                0x102dea88       0x70 libs/gcc/app_start.lib(stdlib_func.o)
                0x102dea88                Ql_strncmp

.text.Ql_memset
                0x102deaf8       0x88
 .text.Ql_memset
                0x102deaf8       0x88 libs/gcc/app_start.lib(stdlib_func.o)
                0x102deaf8                Ql_memset

.text.Ql_memcpy
                0x102deb80       0x88
 .text.Ql_memcpy
                0x102deb80       0x88 libs/gcc/app_start.lib(stdlib_func.o)
                0x102deb80                Ql_memcpy

.text.Ql_memcmp
                0x102dec08       0x70
 .text.Ql_memcmp
                0x102dec08       0x70 libs/gcc/app_start.lib(stdlib_func.o)
                0x102dec08                Ql_memcmp

.text.Ql_strstr
                0x102dec78       0x80
 .text.Ql_strstr
                0x102dec78       0x80 libs/gcc/app_start.lib(stdlib_func.o)
                0x102dec78                Ql_strstr

.text.Ql_toupper
                0x102decf8        0x8
 .text.Ql_toupper
                0x102decf8        0x8 libs/gcc/app_start.lib(stdlib_func.o)
                0x102decf8                Ql_toupper

.text.Ql_tolower
                0x102ded00        0x8
 .text.Ql_tolower
                0x102ded00        0x8 libs/gcc/app_start.lib(stdlib_func.o)
                0x102ded00                Ql_tolower

.text.Ql_atoi   0x102ded08       0x84
 .text.Ql_atoi  0x102ded08       0x84 libs/gcc/app_start.lib(stdlib_func.o)
                0x102ded08                Ql_atoi

.text.Ql_Sleep  0x102ded8c       0x74
 .text.Ql_Sleep
                0x102ded8c       0x74 libs/gcc/app_start.lib(system.o)
                0x102ded8c                Ql_Sleep

.text.Ql_Reset  0x102dee00       0x74
 .text.Ql_Reset
                0x102dee00       0x74 libs/gcc/app_start.lib(system.o)
                0x102dee00                Ql_Reset

.text.Ql_GetSDKVer
                0x102dee74       0x64
 .text.Ql_GetSDKVer
                0x102dee74       0x64 libs/gcc/app_start.lib(system.o)
                0x102dee74                Ql_GetSDKVer

.text.Ql_OS_GetMessage
                0x102deed8       0x60
 .text.Ql_OS_GetMessage
                0x102deed8       0x60 libs/gcc/app_start.lib(taskMngt.o)
                0x102deed8                Ql_OS_GetMessage

.text.Ql_OS_SendMessage
                0x102def38       0x78
 .text.Ql_OS_SendMessage
                0x102def38       0x78 libs/gcc/app_start.lib(taskMngt.o)
                0x102def38                Ql_OS_SendMessage

.text.Ql_OS_CreateMutex
                0x102defb0       0x54
 .text.Ql_OS_CreateMutex
                0x102defb0       0x54 libs/gcc/app_start.lib(taskMngt.o)
                0x102defb0                Ql_OS_CreateMutex

.text.Ql_OS_TakeMutex
                0x102df004       0x54
 .text.Ql_OS_TakeMutex
                0x102df004       0x54 libs/gcc/app_start.lib(taskMngt.o)
                0x102df004                Ql_OS_TakeMutex

.text.Ql_OS_GiveMutex
                0x102df058       0x54
 .text.Ql_OS_GiveMutex
                0x102df058       0x54 libs/gcc/app_start.lib(taskMngt.o)
                0x102df058                Ql_OS_GiveMutex

.text.Ql_OS_CreateEvent
                0x102df0ac       0x54
 .text.Ql_OS_CreateEvent
                0x102df0ac       0x54 libs/gcc/app_start.lib(taskMngt.o)
                0x102df0ac                Ql_OS_CreateEvent

.text.Ql_OS_WaitEvent
                0x102df100       0x68
 .text.Ql_OS_WaitEvent
                0x102df100       0x68 libs/gcc/app_start.lib(taskMngt.o)
                0x102df100                Ql_OS_WaitEvent

.text.Ql_OS_SetEvent
                0x102df168       0x68
 .text.Ql_OS_SetEvent
                0x102df168       0x68 libs/gcc/app_start.lib(taskMngt.o)
                0x102df168                Ql_OS_SetEvent

.text.Ql_OS_GetActiveTaskId
                0x102df1d0       0x58
 .text.Ql_OS_GetActiveTaskId
                0x102df1d0       0x58 libs/gcc/app_start.lib(taskMngt.o)
                0x102df1d0                Ql_OS_GetActiveTaskId

.text.Ql_Timer_Register
                0x102df228       0x70
 .text.Ql_Timer_Register
                0x102df228       0x70 libs/gcc/app_start.lib(timer.o)
                0x102df228                Ql_Timer_Register

.text.Ql_Timer_Start
                0x102df298       0x70
 .text.Ql_Timer_Start
                0x102df298       0x70 libs/gcc/app_start.lib(timer.o)
                0x102df298                Ql_Timer_Start

.text.Ql_Timer_Stop
                0x102df308       0x60
 .text.Ql_Timer_Stop
                0x102df308       0x60 libs/gcc/app_start.lib(timer.o)
                0x102df308                Ql_Timer_Stop

.text.Ql_UART_Register
                0x102df368       0x70
 .text.Ql_UART_Register
                0x102df368       0x70 libs/gcc/app_start.lib(uart.o)
                0x102df368                Ql_UART_Register

.text.Ql_UART_Open
                0x102df3d8       0x70
 .text.Ql_UART_Open
                0x102df3d8       0x70 libs/gcc/app_start.lib(uart.o)
                0x102df3d8                Ql_UART_Open

.text.Ql_UART_Write
                0x102df448       0x70
 .text.Ql_UART_Write
                0x102df448       0x70 libs/gcc/app_start.lib(uart.o)
                0x102df448                Ql_UART_Write

.text.Ql_UART_Read
                0x102df4b8       0x70
 .text.Ql_UART_Read
                0x102df4b8       0x70 libs/gcc/app_start.lib(uart.o)
                0x102df4b8                Ql_UART_Read

.text.Ql_UART_ClrRxBuffer
                0x102df528       0x54
 .text.Ql_UART_ClrRxBuffer
                0x102df528       0x54 libs/gcc/app_start.lib(uart.o)
                0x102df528                Ql_UART_ClrRxBuffer

.text.Ql_UART_GetPinStatus
                0x102df57c       0x68
 .text.Ql_UART_GetPinStatus
                0x102df57c       0x68 libs/gcc/app_start.lib(uart.o)
                0x102df57c                Ql_UART_GetPinStatus

.text.Ql_UART_SendEscap
                0x102df5e4       0x60
 .text.Ql_UART_SendEscap
                0x102df5e4       0x60 libs/gcc/app_start.lib(uart.o)
                0x102df5e4                Ql_UART_SendEscap

.text.Ql_UART_Close
                0x102df644       0x54
 .text.Ql_UART_Close
                0x102df644       0x54 libs/gcc/app_start.lib(uart.o)
                0x102df644                Ql_UART_Close

.text.OCPU_WTD_ChangeGPIOLevel
                0x102df698       0x38
 .text.OCPU_WTD_ChangeGPIOLevel
                0x102df698       0x38 libs/gcc/app_start.lib(watchdog.o)
                0x102df698                OCPU_WTD_ChangeGPIOLevel

.text.Ql_WTD_Calback
                0x102df6d0       0xc4
 .text.Ql_WTD_Calback
                0x102df6d0       0xc4 libs/gcc/app_start.lib(watchdog.o)

.text.Ql_WTD_Init
                0x102df794      0x100
 .text.Ql_WTD_Init
                0x102df794      0x100 libs/gcc/app_start.lib(watchdog.o)
                0x102df794                Ql_WTD_Init

.text.Ql_WTD_Start
                0x102df894       0xb4
 .text.Ql_WTD_Start
                0x102df894       0xb4 libs/gcc/app_start.lib(watchdog.o)
                0x102df894                Ql_WTD_Start

.text.Ql_WTD_Feed
                0x102df948       0x5c
 .text.Ql_WTD_Feed
                0x102df948       0x5c libs/gcc/app_start.lib(watchdog.o)
                0x102df948                Ql_WTD_Feed

.text.Ql_GPIO_Init
                0x102df9a4       0x78
 .text.Ql_GPIO_Init
                0x102df9a4       0x78 libs/gcc/app_start.lib(gpio.o)
                0x102df9a4                Ql_GPIO_Init

.text.Ql_GPIO_SetLevel
                0x102dfa1c       0x68
 .text.Ql_GPIO_SetLevel
                0x102dfa1c       0x68 libs/gcc/app_start.lib(gpio.o)
                0x102dfa1c                Ql_GPIO_SetLevel

.rodata         0x102dfa84     0x1075
 *(.rodata)
 .rodata        0x102dfa84       0x54 build\gcc\obj/custom/config/custom_sys_cfg.o
                0x102dfa88                SystemCfg
 .rodata        0x102dfad8       0x54 build\gcc\obj/custom/config/sys_config.o
                0x102dfad8                GpioConfigTbl
                0x102dfadc                TaskConfig
 .rodata        0x102dfb2c      0x100 build\gcc\obj/ril/src/ril_bluetooth.o
 .rodata        0x102dfc2c       0x1a build\gcc\obj/ril/src/ril_dtmf.o
 .rodata        0x102dfc46        0xe build\gcc\obj/ril/src/ril_location.o
 .rodata        0x102dfc54       0x5d build\gcc\obj/ril/src/ril_network.o
 .rodata        0x102dfcb1        0xa build\gcc\obj/ril/src/ril_ntp.o
 *fill*         0x102dfcbb        0x1 
 .rodata        0x102dfcbc      0x888 build\gcc\obj/ril/src/ril_urc.o
 .rodata        0x102e0544      0x1c4 build\gcc\obj/example/example_Deep_Sea_4522_V07.o
 .rodata        0x102e0708      0x3bc libs/gcc/app_start.lib(lib_ril_sms.o)
 .rodata        0x102e0ac4       0x16 libs/gcc/app_start.lib(ql_main.o)
 .rodata        0x102e0ada        0x4 libs/gcc/app_start.lib(ril_main.o)
 .rodata        0x102e0ade       0x1b libs/gcc/app_start.lib(system.o)

.rodata.str1.1  0x102e0af9     0x537a
 .rodata.str1.1
                0x102e0af9       0x25 build\gcc\obj/ril/src/ril_atResponse.o
                                 0x2e (size before relaxing)
 .rodata.str1.1
                0x102e0b1e      0x3e8 build\gcc\obj/ril/src/ril_bluetooth.o
                                0x4e3 (size before relaxing)
 .rodata.str1.1
                0x102e0f06       0xb7 build\gcc\obj/ril/src/ril_dtmf.o
                                 0xcc (size before relaxing)
 .rodata.str1.1
                0x102e0fbd      0x265 build\gcc\obj/ril/src/ril_ftp.o
                                0x28b (size before relaxing)
 .rodata.str1.1
                0x102e1222       0x52 build\gcc\obj/ril/src/ril_init.o
 .rodata.str1.1
                0x102e1274       0x8a build\gcc\obj/ril/src/ril_location.o
                                 0xca (size before relaxing)
 .rodata.str1.1
                0x102e12fe       0xe3 build\gcc\obj/ril/src/ril_network.o
                                0x112 (size before relaxing)
 .rodata.str1.1
                0x102e13e1       0x79 build\gcc\obj/ril/src/ril_sim.o
                                 0xaf (size before relaxing)
 .rodata.str1.1
                0x102e145a       0xa0 build\gcc\obj/ril/src/ril_sms.o
                                 0xcb (size before relaxing)
 .rodata.str1.1
                0x102e14fa      0x164 build\gcc\obj/ril/src/ril_urc.o
                                0x16b (size before relaxing)
 .rodata.str1.1
                0x102e165e       0x11 build\gcc\obj/ril/src/ril_util.o
                                 0x16 (size before relaxing)
 .rodata.str1.1
                0x102e166f     0x3146 build\gcc\obj/example/example_Deep_Sea_4522_V07.o
                               0x321f (size before relaxing)
 .rodata.str1.1
                0x102e47b5      0x6a0 build\gcc\obj/custom/fota/src/fota_ftp.o
                                0x6a8 (size before relaxing)
 .rodata.str1.1
                0x102e4e55      0x47d build\gcc\obj/custom/fota/src/fota_http.o
                                0x4e9 (size before relaxing)
 .rodata.str1.1
                0x102e52d2       0xe3 build\gcc\obj/custom/fota/src/fota_http_code.o
                                 0xee (size before relaxing)
 .rodata.str1.1
                0x102e53b5      0x1ea build\gcc\obj/custom/fota/src/fota_main.o
 .rodata.str1.1
                0x102e559f      0x15c libs/gcc/app_start.lib(fileSys.o)
 .rodata.str1.1
                0x102e56fb       0x4e libs/gcc/app_start.lib(fota.o)
 .rodata.str1.1
                0x102e5749       0xcb libs/gcc/app_start.lib(gprs.o)
 .rodata.str1.1
                0x102e5814       0x19 libs/gcc/app_start.lib(memory.o)
 .rodata.str1.1
                0x102e582d       0x51 libs/gcc/app_start.lib(ql_main.o)
                                 0x56 (size before relaxing)
 .rodata.str1.1
                0x102e587e       0x1c libs/gcc/app_start.lib(ril_main.o)
                                 0x25 (size before relaxing)
 .rodata.str1.1
                0x102e589a      0x151 libs/gcc/app_start.lib(socket.o)
 .rodata.str1.1
                0x102e59eb       0xe8 libs/gcc/app_start.lib(stdlib_func.o)
 .rodata.str1.1
                0x102e5ad3       0x3d libs/gcc/app_start.lib(system.o)
 .rodata.str1.1
                0x102e5b10      0x157 libs/gcc/app_start.lib(taskMngt.o)
 .rodata.str1.1
                0x102e5c67       0x45 libs/gcc/app_start.lib(timer.o)
 .rodata.str1.1
                0x102e5cac      0x108 libs/gcc/app_start.lib(uart.o)
 .rodata.str1.1
                0x102e5db4       0x25 libs/gcc/app_start.lib(watchdog.o)
 .rodata.str1.1
                0x102e5dd9       0x9a libs/gcc/app_start.lib(gpio.o)

.rel.dyn        0x102e5e74        0x0
 .rel.iplt      0x00000000        0x0 build\gcc\obj/custom/config/custom_sys_cfg.o

.data           0xf03d2000      0x600 load address 0x102e5e78
                0x102e5e78                PROVIDE (__data_load, LOADADDR (.data))
                0xf03d2000                PROVIDE (__data_start, .)
 *(.data)
 .data          0xf03d2000        0x1 build\gcc\obj/ril/src/ril_bluetooth.o
 *fill*         0xf03d2001        0x3 
 .data          0xf03d2004       0x20 build\gcc\obj/ril/src/ril_init.o
                0xf03d2004                g_LimitedCmds
                0xf03d200c                g_InitCmds
 .data          0xf03d2024      0x510 build\gcc\obj/example/example_Deep_Sea_4522_V07.o
                0xf03d2024                DEVICE_LATITUDE
                0xf03d202e                DEVICE_LONGITUDE
                0xf03d2038                socket_flag
                0xf03d2070                device_id
                0xf03d207f                APN_NAME
                0xf03d2098                VERSION
                0xf03d20a7                ST_Interval1
                0xf03d20ad                ST_Interval12
                0xf03d20b3                start_flag
                0xf03d20b4                SYSTEM_INITIALIZE_WATCHDOG_FLAG
                0xf03d20b8                ST_Interval
                0xf03d20bc                LOGBOOK_Interval
                0xf03d24c0                QUERY_01
                0xf03d24c8                QUERY_02
                0xf03d24d0                QUERY_03
                0xf03d24d8                QUERY_04
                0xf03d24e0                QUERY_05
                0xf03d24e8                QUERY_06
                0xf03d24f0                QUERY_07
                0xf03d24f8                QUERY_08
                0xf03d2500                QUERY_09
                0xf03d2508                QUERY_10
                0xf03d2510                ST_Interval2
                0xf03d2514                SYSTEM_WATCHDOG_FLAG
                0xf03d2518                ST_Interval4
                0xf03d251c                WATCHDOG_FEED_PIN
                0xf03d2520                Timer_Val_WatchdogFeed
                0xf03d2524                COMMUNICATION_WITH_CONTROLLER_FLAG
                0xf03d2528                ST_Interval3
                0xf03d252c                LOGBOOK_DATA_FLAG
                0xf03d252d                reset_flag
                0xf03d2530                ST_Interval6
 .data          0xf03d2534       0x34 build\gcc\obj/custom/fota/src/fota_http.o
                0xf03d2534                HttpGetHead
                0xf03d254c                Httpcallback_gprs_func
                0xf03d2554                Httpcallback_SOC_func
 .data          0xf03d2568        0x2 build\gcc\obj/custom/fota/src/fota_http_code.o
 .data          0xf03d256a       0x65 build\gcc\obj/custom/fota/src/fota_main.o
                0xf03d256a                Fota_apn
                0xf03d25ce                g_FOTA_State
 .data          0xf03d25cf       0x18 libs/gcc/app_start.lib(ql_func.o)
                0xf03d25cf                api_notsup
 *fill*         0xf03d25e7        0x1 
 .data          0xf03d25e8        0x4 libs/gcc/app_start.lib(ril_aux.o)
                0xf03d25e8                g_ril_auxTaskId
 .data          0xf03d25ec       0x10 libs/gcc/app_start.lib(ril_main.o)
                0xf03d2600                . = ALIGN (0x8)
 *fill*         0xf03d25fc        0x4 
                0xf03d2600                PROVIDE (_edata, .)

.igot.plt       0xf03d2600        0x0 load address 0x102e6478
 .igot.plt      0x00000000        0x0 build\gcc\obj/custom/config/custom_sys_cfg.o

.bss            0xf03d2600     0x4768 load address 0x102e6478
                0xf03d2600                PROVIDE (__bss_start__, .)
 *(.bss)
 .bss           0xf03d2600        0x4 build\gcc\obj/ril/src/ril_atResponse.o
 .bss           0xf03d2604        0x4 build\gcc\obj/ril/src/ril_audio.o
                0xf03d2604                cb_aud_play
 .bss           0xf03d2608       0x98 build\gcc\obj/ril/src/ril_bluetooth.o
 .bss           0xf03d26a0        0x4 build\gcc\obj/ril/src/ril_custom.o
                0xf03d26a0                cb_rcvCoreData
 .bss           0xf03d26a4       0x10 build\gcc\obj/ril/src/ril_dtmf.o
 .bss           0xf03d26b4       0x18 build\gcc\obj/ril/src/ril_http.o
                0xf03d26b8                http_url_addr
                0xf03d26bc                http_url_addr_len
                0xf03d26c0                http_post_msg
                0xf03d26c4                http_post_msg_len
                0xf03d26c8                callback_http_dwnld
 .bss           0xf03d26cc        0x4 build\gcc\obj/ril/src/ril_location.o
 .bss           0xf03d26d0        0x4 build\gcc\obj/ril/src/ril_ntp.o
 .bss           0xf03d26d4        0x1 build\gcc\obj/ril/src/ril_sms.o
 *fill*         0xf03d26d5        0x3 
 .bss           0xf03d26d8        0x8 build\gcc\obj/ril/src/ril_urc.o
                0xf03d26d8                FtpGet_IND_CB
                0xf03d26dc                FtpPut_IND_CB
 .bss           0xf03d26e0     0x1e64 build\gcc\obj/example/example_Deep_Sea_4522_V07.o
                0xf03d2ae4                GPRS_flag
                0xf03d2aec                SOCKET_IN_WOULD_BLOCK_FLAG
                0xf03d2aed                SERVER2_SETTING_SELECTION_FLAG
                0xf03d2ba0                DATA_FROM_CONTROLLER
                0xf03d2d94                ERROR_STATUS_1
                0xf03d2d95                ERROR_STATUS_2
                0xf03d2d96                comm_flag
                0xf03d2d97                ERROR_FLAG
                0xf03d2d98                DATA_SEND_TO_SERVER_FLAG
                0xf03d2d99                filePath1
                0xf03d2dfd                filePath2
                0xf03d2e61                filePath3
                0xf03d2ec5                filePath4
                0xf03d2f29                filePath5
                0xf03d2f8d                filePath6
                0xf03d2ff1                filePath7
                0xf03d3055                filePath8
                0xf03d30b9                filePath9
                0xf03d311d                filePath10
                0xf03d3181                filePath11
                0xf03d31e5                filePath12
                0xf03d3668                module_state
                0xf03d3669                PORT2_COMMUNICATION_FLAG
                0xf03d366a                send_1
                0xf03d366b                send_flag2
                0xf03d366c                send_flag1
                0xf03d366d                QUERY_SEND_STAGE
                0xf03d386e                QUERY_RCV_STAGE
                0xf03d386f                strBuf_status
                0xf03d38d3                strBuf_url
                0xf03d3937                strBuf_id
                0xf03d399b                strBuf_apn
                0xf03d39ff                strBuf_ip
                0xf03d3a63                strBuf_port
                0xf03d3ac7                m_SrvPort1
                0xf03d3acc                strBuf_time
                0xf03d3b30                strBuf_time1
                0xf03d3b94                m_SrvPort12
                0xf03d3b99                fota_flag
                0xf03d414e                MODBUS_WRITE_QURIES_COUNT
                0xf03d414f                database
                0xf03d44d3                MODBUS_WRITE_FLAG
                0xf03d44d4                SEND_DATA_TO_SERVER_FLAG
                0xf03d44d5                GPRS_Connection_Flag
                0xf03d44d6                send_data_flag
                0xf03d44d7                storage_flag
                0xf03d44d8                string_flag
                0xf03d44d9                NO_COMM_WITH_CONTROLLER_COUNT
                0xf03d44da                ERROR_STATUS_5
                0xf03d44db                ERROR_STATUS_4
                0xf03d44dc                ERROR_STATUS_3
                0xf03d44dd                strBuf_data
 .bss           0xf03d4544       0xb0 build\gcc\obj/custom/fota/src/fota_ftp.o
 .bss           0xf03d45f4        0x8 build\gcc\obj/custom/fota/src/fota_http_code.o
                0xf03d45f4                dbg_httpresponse
                0xf03d45f8                dbg_ContentLength
 .bss           0xf03d45fc       0x44 build\gcc\obj/custom/fota/src/fota_main.o
                0xf03d45fc                Fota_UpgardeState
                0xf03d4600                Fota_passwd
                0xf03d4620                Fota_userid
 .bss           0xf03d4640       0x60 libs/gcc/app_start.lib(fileSys.o)
 .bss           0xf03d46a0       0x14 libs/gcc/app_start.lib(fota.o)
 .bss           0xf03d46b4       0x28 libs/gcc/app_start.lib(gprs.o)
 .bss           0xf03d46dc        0x8 libs/gcc/app_start.lib(memory.o)
 .bss           0xf03d46e4       0x24 libs/gcc/app_start.lib(ql_func.o)
                0xf03d46e4                m_StartPlayAudioStream
                0xf03d46e8                m_get_api_ptr
                0xf03d46ec                m_StopPlayAudioStream
                0xf03d46f0                m_GetRelativeTime_Counter
                0xf03d46f4                m_SecondToTicks
                0xf03d46f8                m_MillisecondToTicks
                0xf03d46fc                m_CalendarTime2LocalTime
                0xf03d4700                m_osChangeTaskPriority
                0xf03d4704                m_create_api_hash
 .bss           0xf03d4708       0x10 libs/gcc/app_start.lib(ql_main.o)
                0xf03d470c                runinfo
 .bss           0xf03d4718        0x1 libs/gcc/app_start.lib(ril_aux.o)
                0xf03d4718                g_ril_auxTaskReady
 *fill*         0xf03d4719        0x3 
 .bss           0xf03d471c      0xc34 libs/gcc/app_start.lib(ril_main.o)
 .bss           0xf03d5350       0x4c libs/gcc/app_start.lib(socket.o)
 .bss           0xf03d539c       0x5c libs/gcc/app_start.lib(stdlib_func.o)
 .bss           0xf03d53f8       0x14 libs/gcc/app_start.lib(system.o)
 .bss           0xf03d540c       0x44 libs/gcc/app_start.lib(taskMngt.o)
 .bss           0xf03d5450       0x10 libs/gcc/app_start.lib(timer.o)
 .bss           0xf03d5460       0x3c libs/gcc/app_start.lib(uart.o)
 .bss           0xf03d549c       0x18 libs/gcc/app_start.lib(watchdog.o)
 .bss           0xf03d54b4       0x20 libs/gcc/app_start.lib(gpio.o)
                0xf03d54b4                m_GPIO_Init
                0xf03d54b8                m_GPIO_SetLevel
                0xf03d54bc                m_GPIO_GetLevel
                0xf03d54c0                m_GPIO_SetDirection
                0xf03d54c4                m_GPIO_GetDirection
                0xf03d54c8                m_GPIO_SetPullSelection
                0xf03d54cc                m_GPIO_GetPullSelection
                0xf03d54d0                m_GPIO_Uninit
                0xf03d54d8                . = ALIGN (0x8)
 *fill*         0xf03d54d4        0x4 
                0xf03d54d8                PROVIDE (__bss_end__, .)
 COMMON         0xf03d54d8      0x124 build\gcc\obj/ril/src/ril_telephony.o
                0xf03d54d8                g_comingCall
 COMMON         0xf03d55fc     0x1468 build\gcc\obj/example/example_Deep_Sea_4522_V07.o
                0xf03d55fc                wtdid1
                0xf03d5600                WTD_Id
                0xf03d5604                data_mod
                0xf03d5754                address_mod
                0xf03d58a4                g_asConSMSBuf
                0xf03d6a40                pdpCntxtId
                0xf03d6a44                WTD_Id2
                0xf03d6a48                wtdid2
                0xf03d6a4c                FOTA_STATUS_VARIABLE
 COMMON         0xf03d6a64      0x234 build\gcc\obj/custom/fota/src/fota_http.o
                0xf03d6a64                httpMainContext
 COMMON         0xf03d6c98       0xc0 build\gcc\obj/custom/fota/src/fota_main.o
                0xf03d6c98                Fota_gprsCfg
                0xf03d6d48                FotaConfig
 COMMON         0xf03d6d58       0x10 libs/gcc/app_start.lib(ql_main.o)
                0xf03d6d58                Ql_snprintf
                0xf03d6d5c                Ql_sprintf
                0xf03d6d60                Ql_Debug_Trace
                0xf03d6d64                Ql_sscanf
LOAD build\gcc\obj/custom/config/custom_sys_cfg.o
LOAD build\gcc\obj/custom/config/sys_config.o
LOAD build\gcc\obj/ril/src/ril_alarm.o
LOAD build\gcc\obj/ril/src/ril_atResponse.o
LOAD build\gcc\obj/ril/src/ril_audio.o
LOAD build\gcc\obj/ril/src/ril_bluetooth.o
LOAD build\gcc\obj/ril/src/ril_custom.o
LOAD build\gcc\obj/ril/src/ril_dtmf.o
LOAD build\gcc\obj/ril/src/ril_ftp.o
LOAD build\gcc\obj/ril/src/ril_http.o
LOAD build\gcc\obj/ril/src/ril_init.o
LOAD build\gcc\obj/ril/src/ril_location.o
LOAD build\gcc\obj/ril/src/ril_location2.o
LOAD build\gcc\obj/ril/src/ril_network.o
LOAD build\gcc\obj/ril/src/ril_ntp.o
LOAD build\gcc\obj/ril/src/ril_sim.o
LOAD build\gcc\obj/ril/src/ril_sms.o
LOAD build\gcc\obj/ril/src/ril_system.o
LOAD build\gcc\obj/ril/src/ril_telephony.o
LOAD build\gcc\obj/ril/src/ril_urc.o
LOAD build\gcc\obj/ril/src/ril_util.o
LOAD build\gcc\obj/example/example_Deep_Sea_4522_V03_Aneka.o
LOAD build\gcc\obj/example/example_Deep_Sea_4522_V04.o
LOAD build\gcc\obj/example/example_Deep_Sea_4522_V07.o
LOAD build\gcc\obj/custom/main.o
LOAD build\gcc\obj/custom/fota/src/fota_ftp.o
LOAD build\gcc\obj/custom/fota/src/fota_http.o
LOAD build\gcc\obj/custom/fota/src/fota_http_code.o
LOAD build\gcc\obj/custom/fota/src/fota_main.o
LOAD libs/gcc/app_start.lib
LOAD C:\Program Files (x86)\CodeSourcery\Sourcery_CodeBench_Lite_for_ARM_EABI/arm-none-eabi/lib/thumb/libm.a
LOAD C:\Program Files (x86)\CodeSourcery\Sourcery_CodeBench_Lite_for_ARM_EABI/arm-none-eabi/lib/thumb/libc.a
LOAD C:\Program Files (x86)\CodeSourcery\Sourcery_CodeBench_Lite_for_ARM_EABI/arm-none-eabi/lib/thumb/libcs3.a
LOAD C:\Program Files (x86)\CodeSourcery\Sourcery_CodeBench_Lite_for_ARM_EABI/lib/gcc/arm-none-eabi/4.7.2/thumb/libgcc.a
OUTPUT(build\gcc/APPGS3MDM32A01.elf elf32-littlearm)

.comment        0x00000000       0x30
 .comment       0x00000000       0x30 build\gcc\obj/custom/config/custom_sys_cfg.o
                                 0x31 (size before relaxing)
 .comment       0x00000000       0x31 build\gcc\obj/custom/config/sys_config.o
 .comment       0x00000000       0x31 build\gcc\obj/ril/src/ril_atResponse.o
 .comment       0x00000000       0x31 build\gcc\obj/ril/src/ril_audio.o
 .comment       0x00000000       0x31 build\gcc\obj/ril/src/ril_bluetooth.o
 .comment       0x00000000       0x31 build\gcc\obj/ril/src/ril_custom.o
 .comment       0x00000000       0x31 build\gcc\obj/ril/src/ril_dtmf.o
 .comment       0x00000000       0x31 build\gcc\obj/ril/src/ril_ftp.o
 .comment       0x00000000       0x31 build\gcc\obj/ril/src/ril_http.o
 .comment       0x00000000       0x31 build\gcc\obj/ril/src/ril_init.o
 .comment       0x00000000       0x31 build\gcc\obj/ril/src/ril_location.o
 .comment       0x00000000       0x31 build\gcc\obj/ril/src/ril_network.o
 .comment       0x00000000       0x31 build\gcc\obj/ril/src/ril_ntp.o
 .comment       0x00000000       0x31 build\gcc\obj/ril/src/ril_sim.o
 .comment       0x00000000       0x31 build\gcc\obj/ril/src/ril_sms.o
 .comment       0x00000000       0x31 build\gcc\obj/ril/src/ril_telephony.o
 .comment       0x00000000       0x31 build\gcc\obj/ril/src/ril_urc.o
 .comment       0x00000000       0x31 build\gcc\obj/ril/src/ril_util.o
 .comment       0x00000000       0x31 build\gcc\obj/example/example_Deep_Sea_4522_V07.o
 .comment       0x00000000       0x31 build\gcc\obj/custom/fota/src/fota_ftp.o
 .comment       0x00000000       0x31 build\gcc\obj/custom/fota/src/fota_http.o
 .comment       0x00000000       0x31 build\gcc\obj/custom/fota/src/fota_http_code.o
 .comment       0x00000000       0x31 build\gcc\obj/custom/fota/src/fota_main.o
 .comment       0x00000000       0x31 libs/gcc/app_start.lib(fileSys.o)
 .comment       0x00000000       0x31 libs/gcc/app_start.lib(fota.o)
 .comment       0x00000000       0x31 libs/gcc/app_start.lib(gprs.o)
 .comment       0x00000000       0x31 libs/gcc/app_start.lib(lib_ril_sms.o)
 .comment       0x00000000       0x31 libs/gcc/app_start.lib(memory.o)
 .comment       0x00000000       0x31 libs/gcc/app_start.lib(ql_func.o)
 .comment       0x00000000       0x31 libs/gcc/app_start.lib(ql_main.o)
 .comment       0x00000000       0x31 libs/gcc/app_start.lib(ril_aux.o)
 .comment       0x00000000       0x31 libs/gcc/app_start.lib(ril_main.o)
 .comment       0x00000000       0x31 libs/gcc/app_start.lib(socket.o)
 .comment       0x00000000       0x31 libs/gcc/app_start.lib(stdlib_func.o)
 .comment       0x00000000       0x31 libs/gcc/app_start.lib(system.o)
 .comment       0x00000000       0x31 libs/gcc/app_start.lib(taskMngt.o)
 .comment       0x00000000       0x31 libs/gcc/app_start.lib(timer.o)
 .comment       0x00000000       0x31 libs/gcc/app_start.lib(uart.o)
 .comment       0x00000000       0x31 libs/gcc/app_start.lib(watchdog.o)
 .comment       0x00000000       0x31 libs/gcc/app_start.lib(gpio.o)

.ARM.attributes
                0x00000000       0x2b
 .ARM.attributes
                0x00000000       0x2b build\gcc\obj/custom/config/custom_sys_cfg.o
 .ARM.attributes
                0x0000002b       0x2b build\gcc\obj/custom/config/sys_config.o
 .ARM.attributes
                0x00000056       0x2b build\gcc\obj/ril/src/ril_atResponse.o
 .ARM.attributes
                0x00000081       0x2b build\gcc\obj/ril/src/ril_audio.o
 .ARM.attributes
                0x000000ac       0x2b build\gcc\obj/ril/src/ril_bluetooth.o
 .ARM.attributes
                0x000000d7       0x2b build\gcc\obj/ril/src/ril_custom.o
 .ARM.attributes
                0x00000102       0x2b build\gcc\obj/ril/src/ril_dtmf.o
 .ARM.attributes
                0x0000012d       0x2b build\gcc\obj/ril/src/ril_ftp.o
 .ARM.attributes
                0x00000158       0x2b build\gcc\obj/ril/src/ril_http.o
 .ARM.attributes
                0x00000183       0x2b build\gcc\obj/ril/src/ril_init.o
 .ARM.attributes
                0x000001ae       0x2b build\gcc\obj/ril/src/ril_location.o
 .ARM.attributes
                0x000001d9       0x2b build\gcc\obj/ril/src/ril_network.o
 .ARM.attributes
                0x00000204       0x2b build\gcc\obj/ril/src/ril_ntp.o
 .ARM.attributes
                0x0000022f       0x2b build\gcc\obj/ril/src/ril_sim.o
 .ARM.attributes
                0x0000025a       0x2b build\gcc\obj/ril/src/ril_sms.o
 .ARM.attributes
                0x00000285       0x2b build\gcc\obj/ril/src/ril_telephony.o
 .ARM.attributes
                0x000002b0       0x2b build\gcc\obj/ril/src/ril_urc.o
 .ARM.attributes
                0x000002db       0x2b build\gcc\obj/ril/src/ril_util.o
 .ARM.attributes
                0x00000306       0x2b build\gcc\obj/example/example_Deep_Sea_4522_V07.o
 .ARM.attributes
                0x00000331       0x2b build\gcc\obj/custom/fota/src/fota_ftp.o
 .ARM.attributes
                0x0000035c       0x2b build\gcc\obj/custom/fota/src/fota_http.o
 .ARM.attributes
                0x00000387       0x2b build\gcc\obj/custom/fota/src/fota_http_code.o
 .ARM.attributes
                0x000003b2       0x2b build\gcc\obj/custom/fota/src/fota_main.o
 .ARM.attributes
                0x000003dd       0x2b libs/gcc/app_start.lib(fileSys.o)
 .ARM.attributes
                0x00000408       0x2b libs/gcc/app_start.lib(fota.o)
 .ARM.attributes
                0x00000433       0x2b libs/gcc/app_start.lib(gprs.o)
 .ARM.attributes
                0x0000045e       0x2b libs/gcc/app_start.lib(lib_ril_sms.o)
 .ARM.attributes
                0x00000489       0x2b libs/gcc/app_start.lib(memory.o)
 .ARM.attributes
                0x000004b4       0x2b libs/gcc/app_start.lib(ql_func.o)
 .ARM.attributes
                0x000004df       0x2b libs/gcc/app_start.lib(ql_main.o)
 .ARM.attributes
                0x0000050a       0x2b libs/gcc/app_start.lib(ril_aux.o)
 .ARM.attributes
                0x00000535       0x2b libs/gcc/app_start.lib(ril_main.o)
 .ARM.attributes
                0x00000560       0x2b libs/gcc/app_start.lib(socket.o)
 .ARM.attributes
                0x0000058b       0x2b libs/gcc/app_start.lib(stdlib_func.o)
 .ARM.attributes
                0x000005b6       0x2b libs/gcc/app_start.lib(system.o)
 .ARM.attributes
                0x000005e1       0x2b libs/gcc/app_start.lib(taskMngt.o)
 .ARM.attributes
                0x0000060c       0x2b libs/gcc/app_start.lib(timer.o)
 .ARM.attributes
                0x00000637       0x2b libs/gcc/app_start.lib(uart.o)
 .ARM.attributes
                0x00000662       0x2b libs/gcc/app_start.lib(watchdog.o)
 .ARM.attributes
                0x0000068d       0x2b libs/gcc/app_start.lib(gpio.o)
 .ARM.attributes
                0x000006b8       0x1d libs/gcc/app_start.lib(ocpu_init.o)
 .ARM.attributes
                0x000006d5       0x30 C:\Program Files (x86)\CodeSourcery\Sourcery_CodeBench_Lite_for_ARM_EABI/arm-none-eabi/lib/thumb/libc.a(lib_a-memcpy.o)
 .ARM.attributes
                0x00000705       0x30 C:\Program Files (x86)\CodeSourcery\Sourcery_CodeBench_Lite_for_ARM_EABI/arm-none-eabi/lib/thumb/libc.a(lib_a-memset.o)
 .ARM.attributes
                0x00000735       0x18 C:\Program Files (x86)\CodeSourcery\Sourcery_CodeBench_Lite_for_ARM_EABI/lib/gcc/arm-none-eabi/4.7.2/thumb/libgcc.a(_udivsi3.o)
 .ARM.attributes
                0x0000074d       0x18 C:\Program Files (x86)\CodeSourcery\Sourcery_CodeBench_Lite_for_ARM_EABI/lib/gcc/arm-none-eabi/4.7.2/thumb/libgcc.a(_divsi3.o)
 .ARM.attributes
                0x00000765       0x16 C:\Program Files (x86)\CodeSourcery\Sourcery_CodeBench_Lite_for_ARM_EABI/lib/gcc/arm-none-eabi/4.7.2/thumb/libgcc.a(_dvmd_tls.o)
 .ARM.attributes
                0x0000077b       0x18 C:\Program Files (x86)\CodeSourcery\Sourcery_CodeBench_Lite_for_ARM_EABI/lib/gcc/arm-none-eabi/4.7.2/thumb/libgcc.a(_arm_addsubdf3.o)
 .ARM.attributes
                0x00000793       0x18 C:\Program Files (x86)\CodeSourcery\Sourcery_CodeBench_Lite_for_ARM_EABI/lib/gcc/arm-none-eabi/4.7.2/thumb/libgcc.a(_arm_fixdfsi.o)
 .ARM.attributes
                0x000007ab       0x18 C:\Program Files (x86)\CodeSourcery\Sourcery_CodeBench_Lite_for_ARM_EABI/lib/gcc/arm-none-eabi/4.7.2/thumb/libgcc.a(_arm_truncdfsf2.o)
 .ARM.attributes
                0x000007c3       0x18 C:\Program Files (x86)\CodeSourcery\Sourcery_CodeBench_Lite_for_ARM_EABI/lib/gcc/arm-none-eabi/4.7.2/thumb/libgcc.a(_arm_muldivsf3.o)
 .ARM.attributes
                0x000007db       0x18 C:\Program Files (x86)\CodeSourcery\Sourcery_CodeBench_Lite_for_ARM_EABI/lib/gcc/arm-none-eabi/4.7.2/thumb/libgcc.a(_arm_fixsfsi.o)

.debug_frame    0x00000000       0xa4
 .debug_frame   0x00000000       0x38 C:\Program Files (x86)\CodeSourcery\Sourcery_CodeBench_Lite_for_ARM_EABI/arm-none-eabi/lib/thumb/libc.a(lib_a-memcpy.o)
 .debug_frame   0x00000038       0x2c C:\Program Files (x86)\CodeSourcery\Sourcery_CodeBench_Lite_for_ARM_EABI/arm-none-eabi/lib/thumb/libc.a(lib_a-memset.o)
 .debug_frame   0x00000064       0x20 C:\Program Files (x86)\CodeSourcery\Sourcery_CodeBench_Lite_for_ARM_EABI/lib/gcc/arm-none-eabi/4.7.2/thumb/libgcc.a(_udivsi3.o)
 .debug_frame   0x00000084       0x20 C:\Program Files (x86)\CodeSourcery\Sourcery_CodeBench_Lite_for_ARM_EABI/lib/gcc/arm-none-eabi/4.7.2/thumb/libgcc.a(_divsi3.o)
